[
  {
    "number": 44,
    "tool": "osv-scanner",
    "rule_id": "CVE-2026-45409",
    "rule_name": "CVE-2026-45409",
    "severity": "medium",
    "created_at": "2026-08-17T09:39:37Z",
    "updated_at": "2026-08-17T09:39:37Z",
    "url": "https://github.com/Avkroken/docker-idempotent-update/security/code-scanning/44",
    "ref": "refs/heads/main",
    "category": ".github/workflows/osv-scanner.yml:osv-scan",
    "file": "plex-clear-watchlist/requirements.txt",
    "start_line": 1,
    "end_line": 1
  },
  {
    "number": 45,
    "tool": "osv-scanner",
    "rule_id": "CVE-2026-45409",
    "rule_name": "CVE-2026-45409",
    "severity": "medium",
    "created_at": "2026-08-17T09:39:37Z",
    "updated_at": "2026-08-17T09:39:37Z",
    "url": "https://github.com/Avkroken/docker-idempotent-update/security/code-scanning/45",
    "ref": "refs/heads/main",
    "category": ".github/workflows/osv-scanner.yml:osv-scan",
    "file": "plex-clear-watchlist/requirements.txt",
    "start_line": 1,
    "end_line": 1
  }
]
